    exp SoT <=  SoT gap <=      n   draws
           8.0        99.0    726   34.6%
           8.5        99.0    970   33.7%
           9.0        99.0   1183   31.9%
          10.0        99.0   1434   31.4%
          99.0         1.0    605   31.1%
          99.0        99.0   1557   31.3%
goals+stats gate tuned on train: xg<2.4 cd>=3 mismatch<=1.0 AND expected SoT<=8.0 SoT-evenness<=99.0 AND blanks>=5 split<=1  ->  726 train matches at 34.6% draws

##### POCKET GOALS + STATS gate: 912 matches  draw rate 33.7%   train 638  tune 91  test 183 (draw 30.6%)
narrow four-term RULE on these test rows: n=70  precision 30.0%
logistic C=0.03  test AUC 0.4137
--- LOGISTIC ---      top     n    prec   fair
                         2%     3   33.3%   3.00
                         5%     9   22.2%   4.50
                        10%    18   11.1%   9.00
                        20%    36   11.1%   9.00
                        30%    54   18.5%   5.40
                        40%    73   24.7%   4.06
                        50%    91   25.3%   3.96
   strongest terms: h_saves_ag +0.15, smis +0.15, h_saves -0.15, a_sot_ag -0.13, a_att +0.13, h_draws -0.13, a_btts +0.12, s_def_gap -0.11, h_blank +0.11, gap_btts -0.11
histgb depth=2 iters=92  test AUC 0.5056
--- HIST-GB ---      top     n    prec   fair
                         2%     3   33.3%   3.00
                         5%     9   44.4%   2.25
                        10%    18   38.9%   2.57
                        20%    36   38.9%   2.57
                        30%    54   27.8%   3.60
                        40%    73   30.1%   3.32
                        50%    91   34.1%   2.94

##### POCKET GOALS-only gate (for comparison): 6518 matches  draw rate 29.4%   train 4562  tune 652  test 1304 (draw 29.1%)
narrow four-term RULE on these test rows: n=279  precision 31.5%
logistic C=0.03  test AUC 0.5227
--- LOGISTIC ---      top     n    prec   fair
                         2%    26   11.5%   8.67
                         5%    65   18.5%   5.42
                        10%   130   30.8%   3.25
                        20%   260   27.7%   3.61
                        30%   391   28.9%   3.46
                        40%   521   30.1%   3.32
                        50%   652   30.1%   3.33
   strongest terms: sum_offsides -0.16, h_offsides +0.11, h_shgoals -0.10, a_btts +0.09, h_sot_ag +0.09, h_corners_ag -0.08, a_htgoals -0.08, sum_sot -0.07, a_sot_ag -0.06, h_saves -0.06
histgb depth=3 iters=214  test AUC 0.5172
--- HIST-GB ---      top     n    prec   fair
                         2%    26   38.5%   2.60
                         5%    65   33.8%   2.95
                        10%   130   30.0%   3.33
                        20%   260   30.8%   3.25
                        30%   391   30.7%   3.26
                        40%   521   30.5%   3.28
                        50%   652   30.2%   3.31

=== goals+stats histgb top-30% 27.8% (n=54)   vs goals-only histgb 30.7% (n=391)   vs rule 30.0% (n=70)
saved goals+stats model -> /Users/apple/Downloads/draw/experiments/draw_model.pkl
